13:43:42 **** Incremental Build of configuration Debug for project first1 ****
make -j24 all 
arm-none-eabi-gcc "../Core/Src/FND_Controller.c" -mcpu=cortex-m3 -std=gnu11 -g3 -DDEBUG -DUSE_HAL_DRIVER -DSTM32F103xB -c -I../Core/Inc -I../Drivers/STM32F1xx_HAL_Driver/Inc/Legacy -I../Drivers/STM32F1xx_HAL_Driver/Inc -I../Drivers/CMSIS/Device/ST/STM32F1xx/Include -I../Drivers/CMSIS/Include -O0 -ffunction-sections -fdata-sections -Wall -fstack-usage -fcyclomatic-complexity -MMD -MP -MF"Core/Src/FND_Controller.d" -MT"Core/Src/FND_Controller.o" --specs=nano.specs -mfloat-abi=soft -mthumb -o "Core/Src/FND_Controller.o"
../Core/Src/FND_Controller.c: In function 'digit4_show':
../Core/Src/FND_Controller.c:78:20: warning: suggest parentheses around comparison in operand of '|' [-Wparentheses]
   78 |     if(showZero | n>9)send_port(_LED_0F[n2], 0b0010);
      |                   ~^~
../Core/Src/FND_Controller.c:79:20: warning: suggest parentheses around comparison in operand of '|' [-Wparentheses]
   79 |     if(showZero | n>99)send_port(_LED_0F[n3], 0b0100);
      |                   ~^~~
../Core/Src/FND_Controller.c:80:20: warning: suggest parentheses around comparison in operand of '|' [-Wparentheses]
   80 |     if(showZero | n>999)send_port(_LED_0F[n4], 0b1000);
      |                   ~^~~~
arm-none-eabi-gcc -o "first1.elf" @"objects.list"   -mcpu=cortex-m3 -T"D:\STM32cubeIDE\project\OJ\first1\STM32F103C8TX_FLASH.ld" --specs=nosys.specs -Wl,-Map="first1.map" -Wl,--gc-sections -static --specs=nano.specs -mfloat-abi=soft -mthumb -Wl,--start-group -lc -lm -Wl,--end-group
Finished building target: first1.elf
 
arm-none-eabi-size  first1.elf 
arm-none-eabi-objdump -h -S first1.elf  > "first1.list"
   text	   data	    bss	    dec	    hex	filename
   6648	     12	   1764	   8424	   20e8	first1.elf
Finished building: default.size.stdout
 
Finished building: first1.list
 

13:43:43 Build Finished. 0 errors, 3 warnings. (took 600ms)

