09:18:13 **** Incremental Build of configuration Debug for project first ****
make -j24 all 
arm-none-eabi-gcc "../Core/Src/main.c" -mcpu=cortex-m3 -std=gnu11 -g3 -DDEBUG -DUSE_HAL_DRIVER -DSTM32F103xB -c -I../Core/Inc -I../Drivers/STM32F1xx_HAL_Driver/Inc/Legacy -I../Drivers/STM32F1xx_HAL_Driver/Inc -I../Drivers/CMSIS/Device/ST/STM32F1xx/Include -I../Drivers/CMSIS/Include -I"D:/STM32cubeIDE/project/OJ/first/Core/lib/include" -O0 -ffunction-sections -fdata-sections -Wall -fstack-usage -fcyclomatic-complexity -MMD -MP -MF"Core/Src/main.d" -MT"Core/Src/main.o" --specs=nano.specs -mfloat-abi=soft -mthumb -o "Core/Src/main.o"
arm-none-eabi-gcc "../Core/Src/stm32f1xx_hal_msp.c" -mcpu=cortex-m3 -std=gnu11 -g3 -DDEBUG -DUSE_HAL_DRIVER -DSTM32F103xB -c -I../Core/Inc -I../Drivers/STM32F1xx_HAL_Driver/Inc/Legacy -I../Drivers/STM32F1xx_HAL_Driver/Inc -I../Drivers/CMSIS/Device/ST/STM32F1xx/Include -I../Drivers/CMSIS/Include -I"D:/STM32cubeIDE/project/OJ/first/Core/lib/include" -O0 -ffunction-sections -fdata-sections -Wall -fstack-usage -fcyclomatic-complexity -MMD -MP -MF"Core/Src/stm32f1xx_hal_msp.d" -MT"Core/Src/stm32f1xx_hal_msp.o" --specs=nano.specs -mfloat-abi=soft -mthumb -o "Core/Src/stm32f1xx_hal_msp.o"
arm-none-eabi-gcc "../Core/Src/stm32f1xx_it.c" -mcpu=cortex-m3 -std=gnu11 -g3 -DDEBUG -DUSE_HAL_DRIVER -DSTM32F103xB -c -I../Core/Inc -I../Drivers/STM32F1xx_HAL_Driver/Inc/Legacy -I../Drivers/STM32F1xx_HAL_Driver/Inc -I../Drivers/CMSIS/Device/ST/STM32F1xx/Include -I../Drivers/CMSIS/Include -I"D:/STM32cubeIDE/project/OJ/first/Core/lib/include" -O0 -ffunction-sections -fdata-sections -Wall -fstack-usage -fcyclomatic-complexity -MMD -MP -MF"Core/Src/stm32f1xx_it.d" -MT"Core/Src/stm32f1xx_it.o" --specs=nano.specs -mfloat-abi=soft -mthumb -o "Core/Src/stm32f1xx_it.o"
arm-none-eabi-gcc -o "first.elf" @"objects.list"   -mcpu=cortex-m3 -T"D:\STM32cubeIDE\project\OJ\first\STM32F103C8TX_FLASH.ld" --specs=nosys.specs -Wl,-Map="first.map" -Wl,--gc-sections -static --specs=nano.specs -mfloat-abi=soft -mthumb -Wl,--start-group -lc -lm -Wl,--end-group
Finished building target: first.elf
 
arm-none-eabi-size  first.elf 
arm-none-eabi-objdump -h -S first.elf  > "first.list"
   text	   data	    bss	    dec	    hex	filename
   8164	     12	   1836	  10012	   271c	first.elf
Finished building: default.size.stdout
 
Finished building: first.list
 
09:18:17 **** Incremental Build of configuration Debug for project first ****
make -j24 all 
arm-none-eabi-size  first.elf 
   text	   data	    bss	    dec	    hex	filename
   8164	     12	   1836	  10012	   271c	first.elf
Finished building: default.size.stdout
 
09:18:55 **** Incremental Build of configuration Debug for project first ****
make -j24 all 
arm-none-eabi-size  first.elf 
   text	   data	    bss	    dec	    hex	filename
   8164	     12	   1836	  10012	   271c	first.elf
Finished building: default.size.stdout
 
09:19:58 **** Incremental Build of configuration Debug for project first ****
make -j24 all 
arm-none-eabi-size  first.elf 
   text	   data	    bss	    dec	    hex	filename
   8164	     12	   1836	  10012	   271c	first.elf
Finished building: default.size.stdout
 
09:23:10 **** Incremental Build of configuration Debug for project first ****
make -j24 all 
arm-none-eabi-gcc "../Core/Src/main.c" -mcpu=cortex-m3 -std=gnu11 -g3 -DDEBUG -DUSE_HAL_DRIVER -DSTM32F103xB -c -I../Core/Inc -I../Drivers/STM32F1xx_HAL_Driver/Inc/Legacy -I../Drivers/STM32F1xx_HAL_Driver/Inc -I../Drivers/CMSIS/Device/ST/STM32F1xx/Include -I../Drivers/CMSIS/Include -I"D:/STM32cubeIDE/project/OJ/first/Core/lib/include" -O0 -ffunction-sections -fdata-sections -Wall -fstack-usage -fcyclomatic-complexity -MMD -MP -MF"Core/Src/main.d" -MT"Core/Src/main.o" --specs=nano.specs -mfloat-abi=soft -mthumb -o "Core/Src/main.o"
arm-none-eabi-gcc -o "first.elf" @"objects.list"   -mcpu=cortex-m3 -T"D:\STM32cubeIDE\project\OJ\first\STM32F103C8TX_FLASH.ld" --specs=nosys.specs -Wl,-Map="first.map" -Wl,--gc-sections -static --specs=nano.specs -mfloat-abi=soft -mthumb -Wl,--start-group -lc -lm -Wl,--end-group
Finished building target: first.elf
 
arm-none-eabi-size  first.elf 
arm-none-eabi-objdump -h -S first.elf  > "first.list"
   text	   data	    bss	    dec	    hex	filename
   8168	     12	   1836	  10016	   2720	first.elf
Finished building: default.size.stdout
 
Finished building: first.list
 
09:29:36 **** Build of configuration Debug for project second ****
make -j24 all 
arm-none-eabi-size  second.elf 
   text	   data	    bss	    dec	    hex	filename
   7824	     12	   1852	   9688	   25d8	second.elf
Finished building: default.size.stdout
 
09:32:34 **** Build of configuration Debug for project first ****
make -j24 all 
arm-none-eabi-gcc "../Core/Src/main.c" -mcpu=cortex-m3 -std=gnu11 -g3 -DDEBUG -DUSE_HAL_DRIVER -DSTM32F103xB -c -I../Core/Inc -I../Drivers/STM32F1xx_HAL_Driver/Inc/Legacy -I../Drivers/STM32F1xx_HAL_Driver/Inc -I../Drivers/CMSIS/Device/ST/STM32F1xx/Include -I../Drivers/CMSIS/Include -I"D:/STM32cubeIDE/project/OJ/first/Core/lib/include" -O0 -ffunction-sections -fdata-sections -Wall -fstack-usage -fcyclomatic-complexity -MMD -MP -MF"Core/Src/main.d" -MT"Core/Src/main.o" --specs=nano.specs -mfloat-abi=soft -mthumb -o "Core/Src/main.o"
arm-none-eabi-gcc "../Core/Src/stm32f1xx_hal_msp.c" -mcpu=cortex-m3 -std=gnu11 -g3 -DDEBUG -DUSE_HAL_DRIVER -DSTM32F103xB -c -I../Core/Inc -I../Drivers/STM32F1xx_HAL_Driver/Inc/Legacy -I../Drivers/STM32F1xx_HAL_Driver/Inc -I../Drivers/CMSIS/Device/ST/STM32F1xx/Include -I../Drivers/CMSIS/Include -I"D:/STM32cubeIDE/project/OJ/first/Core/lib/include" -O0 -ffunction-sections -fdata-sections -Wall -fstack-usage -fcyclomatic-complexity -MMD -MP -MF"Core/Src/stm32f1xx_hal_msp.d" -MT"Core/Src/stm32f1xx_hal_msp.o" --specs=nano.specs -mfloat-abi=soft -mthumb -o "Core/Src/stm32f1xx_hal_msp.o"
arm-none-eabi-gcc "../Core/Src/stm32f1xx_it.c" -mcpu=cortex-m3 -std=gnu11 -g3 -DDEBUG -DUSE_HAL_DRIVER -DSTM32F103xB -c -I../Core/Inc -I../Drivers/STM32F1xx_HAL_Driver/Inc/Legacy -I../Drivers/STM32F1xx_HAL_Driver/Inc -I../Drivers/CMSIS/Device/ST/STM32F1xx/Include -I../Drivers/CMSIS/Include -I"D:/STM32cubeIDE/project/OJ/first/Core/lib/include" -O0 -ffunction-sections -fdata-sections -Wall -fstack-usage -fcyclomatic-complexity -MMD -MP -MF"Core/Src/stm32f1xx_it.d" -MT"Core/Src/stm32f1xx_it.o" --specs=nano.specs -mfloat-abi=soft -mthumb -o "Core/Src/stm32f1xx_it.o"
arm-none-eabi-gcc -o "first.elf" @"objects.list"   -mcpu=cortex-m3 -T"D:\STM32cubeIDE\project\OJ\first\STM32F103C8TX_FLASH.ld" --specs=nosys.specs -Wl,-Map="first.map" -Wl,--gc-sections -static --specs=nano.specs -mfloat-abi=soft -mthumb -Wl,--start-group -lc -lm -Wl,--end-group
Finished building target: first.elf
 
arm-none-eabi-size  first.elf 
arm-none-eabi-objdump -h -S first.elf  > "first.list"
   text	   data	    bss	    dec	    hex	filename
   8944	     12	   1836	  10792	   2a28	first.elf
Finished building: default.size.stdout
 
Finished building: first.list
 
09:53:02 **** Incremental Build of configuration Debug for project first ****
make -j24 all 
arm-none-eabi-gcc "../Core/Src/main.c" -mcpu=cortex-m3 -std=gnu11 -g3 -DDEBUG -DUSE_HAL_DRIVER -DSTM32F103xB -c -I../Core/Inc -I../Drivers/STM32F1xx_HAL_Driver/Inc/Legacy -I../Drivers/STM32F1xx_HAL_Driver/Inc -I../Drivers/CMSIS/Device/ST/STM32F1xx/Include -I../Drivers/CMSIS/Include -I"D:/STM32cubeIDE/project/OJ/first/Core/lib/include" -O0 -ffunction-sections -fdata-sections -Wall -fstack-usage -fcyclomatic-complexity -MMD -MP -MF"Core/Src/main.d" -MT"Core/Src/main.o" --specs=nano.specs -mfloat-abi=soft -mthumb -o "Core/Src/main.o"
arm-none-eabi-gcc -o "first.elf" @"objects.list"   -mcpu=cortex-m3 -T"D:\STM32cubeIDE\project\OJ\first\STM32F103C8TX_FLASH.ld" --specs=nosys.specs -Wl,-Map="first.map" -Wl,--gc-sections -static --specs=nano.specs -mfloat-abi=soft -mthumb -Wl,--start-group -lc -lm -Wl,--end-group
Finished building target: first.elf
 
arm-none-eabi-size  first.elf 
arm-none-eabi-objdump -h -S first.elf  > "first.list"
   text	   data	    bss	    dec	    hex	filename
   8940	     12	   1836	  10788	   2a24	first.elf
Finished building: default.size.stdout
 
Finished building: first.list
 
10:02:40 **** Incremental Build of configuration Debug for project first ****
make -j24 all 
arm-none-eabi-gcc "../Core/Src/main.c" -mcpu=cortex-m3 -std=gnu11 -g3 -DDEBUG -DUSE_HAL_DRIVER -DSTM32F103xB -c -I../Core/Inc -I../Drivers/STM32F1xx_HAL_Driver/Inc/Legacy -I../Drivers/STM32F1xx_HAL_Driver/Inc -I../Drivers/CMSIS/Device/ST/STM32F1xx/Include -I../Drivers/CMSIS/Include -I"D:/STM32cubeIDE/project/OJ/first/Core/lib/include" -O0 -ffunction-sections -fdata-sections -Wall -fstack-usage -fcyclomatic-complexity -MMD -MP -MF"Core/Src/main.d" -MT"Core/Src/main.o" --specs=nano.specs -mfloat-abi=soft -mthumb -o "Core/Src/main.o"
arm-none-eabi-gcc -o "first.elf" @"objects.list"   -mcpu=cortex-m3 -T"D:\STM32cubeIDE\project\OJ\first\STM32F103C8TX_FLASH.ld" --specs=nosys.specs -Wl,-Map="first.map" -Wl,--gc-sections -static --specs=nano.specs -mfloat-abi=soft -mthumb -Wl,--start-group -lc -lm -Wl,--end-group
Finished building target: first.elf
 
arm-none-eabi-size  first.elf 
arm-none-eabi-objdump -h -S first.elf  > "first.list"
   text	   data	    bss	    dec	    hex	filename
   8940	     12	   1836	  10788	   2a24	first.elf
Finished building: default.size.stdout
 
Finished building: first.list
 
10:08:05 **** Incremental Build of configuration Debug for project first ****
make -j24 all 
arm-none-eabi-gcc "../Core/Src/main.c" -mcpu=cortex-m3 -std=gnu11 -g3 -DDEBUG -DUSE_HAL_DRIVER -DSTM32F103xB -c -I../Core/Inc -I../Drivers/STM32F1xx_HAL_Driver/Inc/Legacy -I../Drivers/STM32F1xx_HAL_Driver/Inc -I../Drivers/CMSIS/Device/ST/STM32F1xx/Include -I../Drivers/CMSIS/Include -I"D:/STM32cubeIDE/project/OJ/first/Core/lib/include" -O0 -ffunction-sections -fdata-sections -Wall -fstack-usage -fcyclomatic-complexity -MMD -MP -MF"Core/Src/main.d" -MT"Core/Src/main.o" --specs=nano.specs -mfloat-abi=soft -mthumb -o "Core/Src/main.o"
arm-none-eabi-gcc -o "first.elf" @"objects.list"   -mcpu=cortex-m3 -T"D:\STM32cubeIDE\project\OJ\first\STM32F103C8TX_FLASH.ld" --specs=nosys.specs -Wl,-Map="first.map" -Wl,--gc-sections -static --specs=nano.specs -mfloat-abi=soft -mthumb -Wl,--start-group -lc -lm -Wl,--end-group
Finished building target: first.elf
 
arm-none-eabi-size  first.elf 
arm-none-eabi-objdump -h -S first.elf  > "first.list"
   text	   data	    bss	    dec	    hex	filename
   8944	     12	   1836	  10792	   2a28	first.elf
Finished building: default.size.stdout
 
Finished building: first.list
 
10:14:47 **** Incremental Build of configuration Debug for project first ****
make -j24 all 
arm-none-eabi-gcc "../Core/Src/main.c" -mcpu=cortex-m3 -std=gnu11 -g3 -DDEBUG -DUSE_HAL_DRIVER -DSTM32F103xB -c -I../Core/Inc -I../Drivers/STM32F1xx_HAL_Driver/Inc/Legacy -I../Drivers/STM32F1xx_HAL_Driver/Inc -I../Drivers/CMSIS/Device/ST/STM32F1xx/Include -I../Drivers/CMSIS/Include -I"D:/STM32cubeIDE/project/OJ/first/Core/lib/include" -O0 -ffunction-sections -fdata-sections -Wall -fstack-usage -fcyclomatic-complexity -MMD -MP -MF"Core/Src/main.d" -MT"Core/Src/main.o" --specs=nano.specs -mfloat-abi=soft -mthumb -o "Core/Src/main.o"
arm-none-eabi-gcc -o "first.elf" @"objects.list"   -mcpu=cortex-m3 -T"D:\STM32cubeIDE\project\OJ\first\STM32F103C8TX_FLASH.ld" --specs=nosys.specs -Wl,-Map="first.map" -Wl,--gc-sections -static --specs=nano.specs -mfloat-abi=soft -mthumb -Wl,--start-group -lc -lm -Wl,--end-group
Finished building target: first.elf
 
arm-none-eabi-size  first.elf 
arm-none-eabi-objdump -h -S first.elf  > "first.list"
   text	   data	    bss	    dec	    hex	filename
   9120	     12	   1836	  10968	   2ad8	first.elf
Finished building: default.size.stdout
 
Finished building: first.list
 
10:27:31 **** Build of configuration Debug for project second ****
make -j24 all 
arm-none-eabi-size  second.elf 
   text	   data	    bss	    dec	    hex	filename
   7824	     12	   1852	   9688	   25d8	second.elf
Finished building: default.size.stdout
 
10:29:01 **** Incremental Build of configuration Debug for project first ****
make -j24 all 
arm-none-eabi-size  first.elf 
   text	   data	    bss	    dec	    hex	filename
   9120	     12	   1836	  10968	   2ad8	first.elf
Finished building: default.size.stdout
 
10:29:28 **** Incremental Build of configuration Debug for project first ****
make -j24 all 
arm-none-eabi-gcc "../Core/Src/main.c" -mcpu=cortex-m3 -std=gnu11 -g3 -DDEBUG -DUSE_HAL_DRIVER -DSTM32F103xB -c -I../Core/Inc -I../Drivers/STM32F1xx_HAL_Driver/Inc/Legacy -I../Drivers/STM32F1xx_HAL_Driver/Inc -I../Drivers/CMSIS/Device/ST/STM32F1xx/Include -I../Drivers/CMSIS/Include -I"D:/STM32cubeIDE/project/OJ/first/Core/lib/include" -O0 -ffunction-sections -fdata-sections -Wall -fstack-usage -fcyclomatic-complexity -MMD -MP -MF"Core/Src/main.d" -MT"Core/Src/main.o" --specs=nano.specs -mfloat-abi=soft -mthumb -o "Core/Src/main.o"
arm-none-eabi-gcc -o "first.elf" @"objects.list"   -mcpu=cortex-m3 -T"D:\STM32cubeIDE\project\OJ\first\STM32F103C8TX_FLASH.ld" --specs=nosys.specs -Wl,-Map="first.map" -Wl,--gc-sections -static --specs=nano.specs -mfloat-abi=soft -mthumb -Wl,--start-group -lc -lm -Wl,--end-group
Finished building target: first.elf
 
arm-none-eabi-size  first.elf 
arm-none-eabi-objdump -h -S first.elf  > "first.list"
   text	   data	    bss	    dec	    hex	filename
   9124	     12	   1836	  10972	   2adc	first.elf
Finished building: default.size.stdout
 
Finished building: first.list
 
10:30:22 **** Incremental Build of configuration Debug for project first ****
make -j24 all 
arm-none-eabi-gcc "../Core/Src/stm32f1xx_it.c" -mcpu=cortex-m3 -std=gnu11 -g3 -DDEBUG -DUSE_HAL_DRIVER -DSTM32F103xB -c -I../Core/Inc -I../Drivers/STM32F1xx_HAL_Driver/Inc/Legacy -I../Drivers/STM32F1xx_HAL_Driver/Inc -I../Drivers/CMSIS/Device/ST/STM32F1xx/Include -I../Drivers/CMSIS/Include -I"D:/STM32cubeIDE/project/OJ/first/Core/lib/include" -O0 -ffunction-sections -fdata-sections -Wall -fstack-usage -fcyclomatic-complexity -MMD -MP -MF"Core/Src/stm32f1xx_it.d" -MT"Core/Src/stm32f1xx_it.o" --specs=nano.specs -mfloat-abi=soft -mthumb -o "Core/Src/stm32f1xx_it.o"
arm-none-eabi-gcc -o "first.elf" @"objects.list"   -mcpu=cortex-m3 -T"D:\STM32cubeIDE\project\OJ\first\STM32F103C8TX_FLASH.ld" --specs=nosys.specs -Wl,-Map="first.map" -Wl,--gc-sections -static --specs=nano.specs -mfloat-abi=soft -mthumb -Wl,--start-group -lc -lm -Wl,--end-group
Finished building target: first.elf
 
arm-none-eabi-size  first.elf 
arm-none-eabi-objdump -h -S first.elf  > "first.list"
   text	   data	    bss	    dec	    hex	filename
   8464	     12	   1836	  10312	   2848	first.elf
Finished building: default.size.stdout
 
Finished building: first.list
 
10:31:32 **** Incremental Build of configuration Debug for project first ****
make -j24 all 
arm-none-eabi-gcc "../Core/Src/main.c" -mcpu=cortex-m3 -std=gnu11 -g3 -DDEBUG -DUSE_HAL_DRIVER -DSTM32F103xB -c -I../Core/Inc -I../Drivers/STM32F1xx_HAL_Driver/Inc/Legacy -I../Drivers/STM32F1xx_HAL_Driver/Inc -I../Drivers/CMSIS/Device/ST/STM32F1xx/Include -I../Drivers/CMSIS/Include -I"D:/STM32cubeIDE/project/OJ/first/Core/lib/include" -O0 -ffunction-sections -fdata-sections -Wall -fstack-usage -fcyclomatic-complexity -MMD -MP -MF"Core/Src/main.d" -MT"Core/Src/main.o" --specs=nano.specs -mfloat-abi=soft -mthumb -o "Core/Src/main.o"
arm-none-eabi-gcc -o "first.elf" @"objects.list"   -mcpu=cortex-m3 -T"D:\STM32cubeIDE\project\OJ\first\STM32F103C8TX_FLASH.ld" --specs=nosys.specs -Wl,-Map="first.map" -Wl,--gc-sections -static --specs=nano.specs -mfloat-abi=soft -mthumb -Wl,--start-group -lc -lm -Wl,--end-group
Finished building target: first.elf
 
arm-none-eabi-size  first.elf 
arm-none-eabi-objdump -h -S first.elf  > "first.list"
   text	   data	    bss	    dec	    hex	filename
   8468	     12	   1836	  10316	   284c	first.elf
Finished building: default.size.stdout
 
Finished building: first.list
 
10:32:16 **** Incremental Build of configuration Debug for project first ****
make -j24 all 
arm-none-eabi-size  first.elf 
   text	   data	    bss	    dec	    hex	filename
   8468	     12	   1836	  10316	   284c	first.elf
Finished building: default.size.stdout
 
10:32:23 **** Incremental Build of configuration Debug for project first ****
make -j24 all 
arm-none-eabi-size  first.elf 
   text	   data	    bss	    dec	    hex	filename
   8468	     12	   1836	  10316	   284c	first.elf
Finished building: default.size.stdout
 
10:32:28 **** Incremental Build of configuration Debug for project first ****
make -j24 all 
arm-none-eabi-size  first.elf 
   text	   data	    bss	    dec	    hex	filename
   8468	     12	   1836	  10316	   284c	first.elf
Finished building: default.size.stdout
 
10:32:42 **** Incremental Build of configuration Debug for project first ****
make -j24 all 
arm-none-eabi-size  first.elf 
   text	   data	    bss	    dec	    hex	filename
   8468	     12	   1836	  10316	   284c	first.elf
Finished building: default.size.stdout
 
10:34:13 **** Incremental Build of configuration Debug for project first ****
make -j24 all 
arm-none-eabi-gcc "../Core/Src/main.c" -mcpu=cortex-m3 -std=gnu11 -g3 -DDEBUG -DUSE_HAL_DRIVER -DSTM32F103xB -c -I../Core/Inc -I../Drivers/STM32F1xx_HAL_Driver/Inc/Legacy -I../Drivers/STM32F1xx_HAL_Driver/Inc -I../Drivers/CMSIS/Device/ST/STM32F1xx/Include -I../Drivers/CMSIS/Include -I"D:/STM32cubeIDE/project/OJ/first/Core/lib/include" -O0 -ffunction-sections -fdata-sections -Wall -fstack-usage -fcyclomatic-complexity -MMD -MP -MF"Core/Src/main.d" -MT"Core/Src/main.o" --specs=nano.specs -mfloat-abi=soft -mthumb -o "Core/Src/main.o"
arm-none-eabi-gcc -o "first.elf" @"objects.list"   -mcpu=cortex-m3 -T"D:\STM32cubeIDE\project\OJ\first\STM32F103C8TX_FLASH.ld" --specs=nosys.specs -Wl,-Map="first.map" -Wl,--gc-sections -static --specs=nano.specs -mfloat-abi=soft -mthumb -Wl,--start-group -lc -lm -Wl,--end-group
Finished building target: first.elf
 
arm-none-eabi-size  first.elf 
arm-none-eabi-objdump -h -S first.elf  > "first.list"
   text	   data	    bss	    dec	    hex	filename
   8288	     12	   1836	  10136	   2798	first.elf
Finished building: default.size.stdout
 
Finished building: first.list
 
10:40:10 **** Incremental Build of configuration Debug for project first ****
make -j24 all 
arm-none-eabi-size  first.elf 
   text	   data	    bss	    dec	    hex	filename
   8288	     12	   1836	  10136	   2798	first.elf
Finished building: default.size.stdout
 
10:43:57 **** Incremental Build of configuration Debug for project first ****
make -j24 all 
arm-none-eabi-size  first.elf 
   text	   data	    bss	    dec	    hex	filename
   8288	     12	   1836	  10136	   2798	first.elf
Finished building: default.size.stdout
 
10:47:10 **** Incremental Build of configuration Debug for project first ****
make -j24 all 
arm-none-eabi-gcc "../Core/Src/main.c" -mcpu=cortex-m3 -std=gnu11 -g3 -DDEBUG -DUSE_HAL_DRIVER -DSTM32F103xB -c -I../Core/Inc -I../Drivers/STM32F1xx_HAL_Driver/Inc/Legacy -I../Drivers/STM32F1xx_HAL_Driver/Inc -I../Drivers/CMSIS/Device/ST/STM32F1xx/Include -I../Drivers/CMSIS/Include -I"D:/STM32cubeIDE/project/OJ/first/Core/lib/include" -O0 -ffunction-sections -fdata-sections -Wall -fstack-usage -fcyclomatic-complexity -MMD -MP -MF"Core/Src/main.d" -MT"Core/Src/main.o" --specs=nano.specs -mfloat-abi=soft -mthumb -o "Core/Src/main.o"
arm-none-eabi-gcc -o "first.elf" @"objects.list"   -mcpu=cortex-m3 -T"D:\STM32cubeIDE\project\OJ\first\STM32F103C8TX_FLASH.ld" --specs=nosys.specs -Wl,-Map="first.map" -Wl,--gc-sections -static --specs=nano.specs -mfloat-abi=soft -mthumb -Wl,--start-group -lc -lm -Wl,--end-group
Finished building target: first.elf
 
arm-none-eabi-size  first.elf 
arm-none-eabi-objdump -h -S first.elf  > "first.list"
   text	   data	    bss	    dec	    hex	filename
   8292	     12	   1836	  10140	   279c	first.elf
Finished building: default.size.stdout
 
Finished building: first.list
 
10:48:43 **** Incremental Build of configuration Debug for project first ****
make -j24 all 
arm-none-eabi-size  first.elf 
   text	   data	    bss	    dec	    hex	filename
   8292	     12	   1836	  10140	   279c	first.elf
Finished building: default.size.stdout
 
10:49:57 **** Incremental Build of configuration Debug for project first ****
make -j24 all 
arm-none-eabi-size  first.elf 
   text	   data	    bss	    dec	    hex	filename
   8292	     12	   1836	  10140	   279c	first.elf
Finished building: default.size.stdout
 
10:54:04 **** Incremental Build of configuration Debug for project first ****
make -j24 all 
arm-none-eabi-size  first.elf 
   text	   data	    bss	    dec	    hex	filename
   8292	     12	   1836	  10140	   279c	first.elf
Finished building: default.size.stdout
 
10:56:12 **** Incremental Build of configuration Debug for project first ****
make -j24 all 
arm-none-eabi-size  first.elf 
   text	   data	    bss	    dec	    hex	filename
   8292	     12	   1836	  10140	   279c	first.elf
Finished building: default.size.stdout
 
10:59:13 **** Incremental Build of configuration Debug for project first ****
make -j24 all 
arm-none-eabi-gcc "../Core/Src/FND_Controller.c" -mcpu=cortex-m3 -std=gnu11 -g3 -DDEBUG -DUSE_HAL_DRIVER -DSTM32F103xB -c -I../Core/Inc -I../Drivers/STM32F1xx_HAL_Driver/Inc/Legacy -I../Drivers/STM32F1xx_HAL_Driver/Inc -I../Drivers/CMSIS/Device/ST/STM32F1xx/Include -I../Drivers/CMSIS/Include -I"D:/STM32cubeIDE/project/OJ/first/Core/lib/include" -O0 -ffunction-sections -fdata-sections -Wall -fstack-usage -fcyclomatic-complexity -MMD -MP -MF"Core/Src/FND_Controller.d" -MT"Core/Src/FND_Controller.o" --specs=nano.specs -mfloat-abi=soft -mthumb -o "Core/Src/FND_Controller.o"
../Core/Src/FND_Controller.c: In function 'digit4_show':
../Core/Src/FND_Controller.c:83:20: warning: suggest parentheses around comparison in operand of '|' [-Wparentheses]
   83 |     if(showZero | n>9)send_port(_LED_0F[n2], 0b0010);
      |                   ~^~
../Core/Src/FND_Controller.c:84:20: warning: suggest parentheses around comparison in operand of '|' [-Wparentheses]
   84 |     if(showZero | n>99)send_port(_LED_0F[n3], 0b0100);
      |                   ~^~~
../Core/Src/FND_Controller.c:85:20: warning: suggest parentheses around comparison in operand of '|' [-Wparentheses]
   85 |     if(showZero | n>999)send_port(_LED_0F[n4], 0b1000);
      |                   ~^~~~
../Core/Src/FND_Controller.c: In function 'digit4_temper':
../Core/Src/FND_Controller.c:103:6: warning: unused variable 'f' [-Wunused-variable]
  103 |  int f;
      |      ^
arm-none-eabi-gcc -o "first.elf" @"objects.list"   -mcpu=cortex-m3 -T"D:\STM32cubeIDE\project\OJ\first\STM32F103C8TX_FLASH.ld" --specs=nosys.specs -Wl,-Map="first.map" -Wl,--gc-sections -static --specs=nano.specs -mfloat-abi=soft -mthumb -Wl,--start-group -lc -lm -Wl,--end-group
Finished building target: first.elf
 
arm-none-eabi-size  first.elf 
arm-none-eabi-objdump -h -S first.elf  > "first.list"
   text	   data	    bss	    dec	    hex	filename
   8292	     12	   1836	  10140	   279c	first.elf
Finished building: default.size.stdout
 
Finished building: first.list
 
10:59:41 **** Incremental Build of configuration Debug for project first ****
make -j24 all 
arm-none-eabi-gcc "../Core/Src/FND_Controller.c" -mcpu=cortex-m3 -std=gnu11 -g3 -DDEBUG -DUSE_HAL_DRIVER -DSTM32F103xB -c -I../Core/Inc -I../Drivers/STM32F1xx_HAL_Driver/Inc/Legacy -I../Drivers/STM32F1xx_HAL_Driver/Inc -I../Drivers/CMSIS/Device/ST/STM32F1xx/Include -I../Drivers/CMSIS/Include -I"D:/STM32cubeIDE/project/OJ/first/Core/lib/include" -O0 -ffunction-sections -fdata-sections -Wall -fstack-usage -fcyclomatic-complexity -MMD -MP -MF"Core/Src/FND_Controller.d" -MT"Core/Src/FND_Controller.o" --specs=nano.specs -mfloat-abi=soft -mthumb -o "Core/Src/FND_Controller.o"
../Core/Src/FND_Controller.c: In function 'digit4_show':
../Core/Src/FND_Controller.c:83:20: warning: suggest parentheses around comparison in operand of '|' [-Wparentheses]
   83 |     if(showZero | n>9)send_port(_LED_0F[n2], 0b0010);
      |                   ~^~
../Core/Src/FND_Controller.c:84:20: warning: suggest parentheses around comparison in operand of '|' [-Wparentheses]
   84 |     if(showZero | n>99)send_port(_LED_0F[n3], 0b0100);
      |                   ~^~~
../Core/Src/FND_Controller.c:85:20: warning: suggest parentheses around comparison in operand of '|' [-Wparentheses]
   85 |     if(showZero | n>999)send_port(_LED_0F[n4], 0b1000);
      |                   ~^~~~
../Core/Src/FND_Controller.c: In function 'digit4_temper':
../Core/Src/FND_Controller.c:103:6: warning: unused variable 'f' [-Wunused-variable]
  103 |  int f=0;
      |      ^
arm-none-eabi-gcc -o "first.elf" @"objects.list"   -mcpu=cortex-m3 -T"D:\STM32cubeIDE\project\OJ\first\STM32F103C8TX_FLASH.ld" --specs=nosys.specs -Wl,-Map="first.map" -Wl,--gc-sections -static --specs=nano.specs -mfloat-abi=soft -mthumb -Wl,--start-group -lc -lm -Wl,--end-group
Finished building target: first.elf
 
arm-none-eabi-size  first.elf 
arm-none-eabi-objdump -h -S first.elf  > "first.list"
   text	   data	    bss	    dec	    hex	filename
   8292	     12	   1836	  10140	   279c	first.elf
Finished building: default.size.stdout
 
Finished building: first.list
 
11:00:10 **** Incremental Build of configuration Debug for project first ****
make -j24 all 
arm-none-eabi-gcc "../Core/Src/FND_Controller.c" -mcpu=cortex-m3 -std=gnu11 -g3 -DDEBUG -DUSE_HAL_DRIVER -DSTM32F103xB -c -I../Core/Inc -I../Drivers/STM32F1xx_HAL_Driver/Inc/Legacy -I../Drivers/STM32F1xx_HAL_Driver/Inc -I../Drivers/CMSIS/Device/ST/STM32F1xx/Include -I../Drivers/CMSIS/Include -I"D:/STM32cubeIDE/project/OJ/first/Core/lib/include" -O0 -ffunction-sections -fdata-sections -Wall -fstack-usage -fcyclomatic-complexity -MMD -MP -MF"Core/Src/FND_Controller.d" -MT"Core/Src/FND_Controller.o" --specs=nano.specs -mfloat-abi=soft -mthumb -o "Core/Src/FND_Controller.o"
../Core/Src/FND_Controller.c: In function 'digit4_show':
../Core/Src/FND_Controller.c:83:20: warning: suggest parentheses around comparison in operand of '|' [-Wparentheses]
   83 |     if(showZero | n>9)send_port(_LED_0F[n2], 0b0010);
      |                   ~^~
../Core/Src/FND_Controller.c:84:20: warning: suggest parentheses around comparison in operand of '|' [-Wparentheses]
   84 |     if(showZero | n>99)send_port(_LED_0F[n3], 0b0100);
      |                   ~^~~
../Core/Src/FND_Controller.c:85:20: warning: suggest parentheses around comparison in operand of '|' [-Wparentheses]
   85 |     if(showZero | n>999)send_port(_LED_0F[n4], 0b1000);
      |                   ~^~~~
arm-none-eabi-gcc -o "first.elf" @"objects.list"   -mcpu=cortex-m3 -T"D:\STM32cubeIDE\project\OJ\first\STM32F103C8TX_FLASH.ld" --specs=nosys.specs -Wl,-Map="first.map" -Wl,--gc-sections -static --specs=nano.specs -mfloat-abi=soft -mthumb -Wl,--start-group -lc -lm -Wl,--end-group
Finished building target: first.elf
 
arm-none-eabi-size  first.elf 
arm-none-eabi-objdump -h -S first.elf  > "first.list"
   text	   data	    bss	    dec	    hex	filename
   8292	     12	   1836	  10140	   279c	first.elf
Finished building: default.size.stdout
 
Finished building: first.list
 
11:04:31 **** Incremental Build of configuration Debug for project first ****
make -j24 all 
arm-none-eabi-gcc "../Core/Src/main.c" -mcpu=cortex-m3 -std=gnu11 -g3 -DDEBUG -DUSE_HAL_DRIVER -DSTM32F103xB -c -I../Core/Inc -I../Drivers/STM32F1xx_HAL_Driver/Inc/Legacy -I../Drivers/STM32F1xx_HAL_Driver/Inc -I../Drivers/CMSIS/Device/ST/STM32F1xx/Include -I../Drivers/CMSIS/Include -I"D:/STM32cubeIDE/project/OJ/first/Core/lib/include" -O0 -ffunction-sections -fdata-sections -Wall -fstack-usage -fcyclomatic-complexity -MMD -MP -MF"Core/Src/main.d" -MT"Core/Src/main.o" --specs=nano.specs -mfloat-abi=soft -mthumb -o "Core/Src/main.o"
arm-none-eabi-gcc -o "first.elf" @"objects.list"   -mcpu=cortex-m3 -T"D:\STM32cubeIDE\project\OJ\first\STM32F103C8TX_FLASH.ld" --specs=nosys.specs -Wl,-Map="first.map" -Wl,--gc-sections -static --specs=nano.specs -mfloat-abi=soft -mthumb -Wl,--start-group -lc -lm -Wl,--end-group
Finished building target: first.elf
 
arm-none-eabi-size  first.elf 
arm-none-eabi-objdump -h -S first.elf  > "first.list"
   text	   data	    bss	    dec	    hex	filename
   8376	     12	   1836	  10224	   27f0	first.elf
Finished building: default.size.stdout
 
Finished building: first.list
 
11:05:01 **** Incremental Build of configuration Debug for project first ****
make -j24 all 
arm-none-eabi-gcc "../Core/Src/main.c" -mcpu=cortex-m3 -std=gnu11 -g3 -DDEBUG -DUSE_HAL_DRIVER -DSTM32F103xB -c -I../Core/Inc -I../Drivers/STM32F1xx_HAL_Driver/Inc/Legacy -I../Drivers/STM32F1xx_HAL_Driver/Inc -I../Drivers/CMSIS/Device/ST/STM32F1xx/Include -I../Drivers/CMSIS/Include -I"D:/STM32cubeIDE/project/OJ/first/Core/lib/include" -O0 -ffunction-sections -fdata-sections -Wall -fstack-usage -fcyclomatic-complexity -MMD -MP -MF"Core/Src/main.d" -MT"Core/Src/main.o" --specs=nano.specs -mfloat-abi=soft -mthumb -o "Core/Src/main.o"
arm-none-eabi-gcc -o "first.elf" @"objects.list"   -mcpu=cortex-m3 -T"D:\STM32cubeIDE\project\OJ\first\STM32F103C8TX_FLASH.ld" --specs=nosys.specs -Wl,-Map="first.map" -Wl,--gc-sections -static --specs=nano.specs -mfloat-abi=soft -mthumb -Wl,--start-group -lc -lm -Wl,--end-group
Finished building target: first.elf
 
arm-none-eabi-size  first.elf 
arm-none-eabi-objdump -h -S first.elf  > "first.list"
   text	   data	    bss	    dec	    hex	filename
   8296	     12	   1836	  10144	   27a0	first.elf
Finished building: default.size.stdout
 
Finished building: first.list
 
11:24:49 **** Build of configuration Debug for project second ****
make -j24 all 
arm-none-eabi-size  second.elf 
   text	   data	    bss	    dec	    hex	filename
   7824	     12	   1852	   9688	   25d8	second.elf
Finished building: default.size.stdout
 
11:27:51 **** Build of configuration Debug for project first2 ****
make -j24 all 
arm-none-eabi-gcc "../Drivers/STM32F1xx_HAL_Driver/Src/stm32f1xx_hal.c" -mcpu=cortex-m3 -std=gnu11 -g3 -DDEBUG -DUSE_HAL_DRIVER -DSTM32F103xB -c -I../Core/Inc -I../Drivers/STM32F1xx_HAL_Driver/Inc/Legacy -I../Drivers/STM32F1xx_HAL_Driver/Inc -I../Drivers/CMSIS/Device/ST/STM32F1xx/Include -I../Drivers/CMSIS/Include -O0 -ffunction-sections -fdata-sections -Wall -fstack-usage -fcyclomatic-complexity -MMD -MP -MF"Drivers/STM32F1xx_HAL_Driver/Src/stm32f1xx_hal.d" -MT"Drivers/STM32F1xx_HAL_Driver/Src/stm32f1xx_hal.o" --specs=nano.specs -mfloat-abi=soft -mthumb -o "Drivers/STM32F1xx_HAL_Driver/Src/stm32f1xx_hal.o"
arm-none-eabi-gcc "../Drivers/STM32F1xx_HAL_Driver/Src/stm32f1xx_hal_cortex.c" -mcpu=cortex-m3 -std=gnu11 -g3 -DDEBUG -DUSE_HAL_DRIVER -DSTM32F103xB -c -I../Core/Inc -I../Drivers/STM32F1xx_HAL_Driver/Inc/Legacy -I../Drivers/STM32F1xx_HAL_Driver/Inc -I../Drivers/CMSIS/Device/ST/STM32F1xx/Include -I../Drivers/CMSIS/Include -O0 -ffunction-sections -fdata-sections -Wall -fstack-usage -fcyclomatic-complexity -MMD -MP -MF"Drivers/STM32F1xx_HAL_Driver/Src/stm32f1xx_hal_cortex.d" -MT"Drivers/STM32F1xx_HAL_Driver/Src/stm32f1xx_hal_cortex.o" --specs=nano.specs -mfloat-abi=soft -mthumb -o "Drivers/STM32F1xx_HAL_Driver/Src/stm32f1xx_hal_cortex.o"
arm-none-eabi-gcc "../Drivers/STM32F1xx_HAL_Driver/Src/stm32f1xx_hal_dma.c" -mcpu=cortex-m3 -std=gnu11 -g3 -DDEBUG -DUSE_HAL_DRIVER -DSTM32F103xB -c -I../Core/Inc -I../Drivers/STM32F1xx_HAL_Driver/Inc/Legacy -I../Drivers/STM32F1xx_HAL_Driver/Inc -I../Drivers/CMSIS/Device/ST/STM32F1xx/Include -I../Drivers/CMSIS/Include -O0 -ffunction-sections -fdata-sections -Wall -fstack-usage -fcyclomatic-complexity -MMD -MP -MF"Drivers/STM32F1xx_HAL_Driver/Src/stm32f1xx_hal_dma.d" -MT"Drivers/STM32F1xx_HAL_Driver/Src/stm32f1xx_hal_dma.o" --specs=nano.specs -mfloat-abi=soft -mthumb -o "Drivers/STM32F1xx_HAL_Driver/Src/stm32f1xx_hal_dma.o"
arm-none-eabi-gcc "../Drivers/STM32F1xx_HAL_Driver/Src/stm32f1xx_hal_exti.c" -mcpu=cortex-m3 -std=gnu11 -g3 -DDEBUG -DUSE_HAL_DRIVER -DSTM32F103xB -c -I../Core/Inc -I../Drivers/STM32F1xx_HAL_Driver/Inc/Legacy -I../Drivers/STM32F1xx_HAL_Driver/Inc -I../Drivers/CMSIS/Device/ST/STM32F1xx/Include -I../Drivers/CMSIS/Include -O0 -ffunction-sections -fdata-sections -Wall -fstack-usage -fcyclomatic-complexity -MMD -MP -MF"Drivers/STM32F1xx_HAL_Driver/Src/stm32f1xx_hal_exti.d" -MT"Drivers/STM32F1xx_HAL_Driver/Src/stm32f1xx_hal_exti.o" --specs=nano.specs -mfloat-abi=soft -mthumb -o "Drivers/STM32F1xx_HAL_Driver/Src/stm32f1xx_hal_exti.o"
arm-none-eabi-gcc "../Drivers/STM32F1xx_HAL_Driver/Src/stm32f1xx_hal_flash.c" -mcpu=cortex-m3 -std=gnu11 -g3 -DDEBUG -DUSE_HAL_DRIVER -DSTM32F103xB -c -I../Core/Inc -I../Drivers/STM32F1xx_HAL_Driver/Inc/Legacy -I../Drivers/STM32F1xx_HAL_Driver/Inc -I../Drivers/CMSIS/Device/ST/STM32F1xx/Include -I../Drivers/CMSIS/Include -O0 -ffunction-sections -fdata-sections -Wall -fstack-usage -fcyclomatic-complexity -MMD -MP -MF"Drivers/STM32F1xx_HAL_Driver/Src/stm32f1xx_hal_flash.d" -MT"Drivers/STM32F1xx_HAL_Driver/Src/stm32f1xx_hal_flash.o" --specs=nano.specs -mfloat-abi=soft -mthumb -o "Drivers/STM32F1xx_HAL_Driver/Src/stm32f1xx_hal_flash.o"
arm-none-eabi-gcc "../Drivers/STM32F1xx_HAL_Driver/Src/stm32f1xx_hal_flash_ex.c" -mcpu=cortex-m3 -std=gnu11 -g3 -DDEBUG -DUSE_HAL_DRIVER -DSTM32F103xB -c -I../Core/Inc -I../Drivers/STM32F1xx_HAL_Driver/Inc/Legacy -I../Drivers/STM32F1xx_HAL_Driver/Inc -I../Drivers/CMSIS/Device/ST/STM32F1xx/Include -I../Drivers/CMSIS/Include -O0 -ffunction-sections -fdata-sections -Wall -fstack-usage -fcyclomatic-complexity -MMD -MP -MF"Drivers/STM32F1xx_HAL_Driver/Src/stm32f1xx_hal_flash_ex.d" -MT"Drivers/STM32F1xx_HAL_Driver/Src/stm32f1xx_hal_flash_ex.o" --specs=nano.specs -mfloat-abi=soft -mthumb -o "Drivers/STM32F1xx_HAL_Driver/Src/stm32f1xx_hal_flash_ex.o"
arm-none-eabi-gcc "../Drivers/STM32F1xx_HAL_Driver/Src/stm32f1xx_hal_gpio.c" -mcpu=cortex-m3 -std=gnu11 -g3 -DDEBUG -DUSE_HAL_DRIVER -DSTM32F103xB -c -I../Core/Inc -I../Drivers/STM32F1xx_HAL_Driver/Inc/Legacy -I../Drivers/STM32F1xx_HAL_Driver/Inc -I../Drivers/CMSIS/Device/ST/STM32F1xx/Include -I../Drivers/CMSIS/Include -O0 -ffunction-sections -fdata-sections -Wall -fstack-usage -fcyclomatic-complexity -MMD -MP -MF"Drivers/STM32F1xx_HAL_Driver/Src/stm32f1xx_hal_gpio.d" -MT"Drivers/STM32F1xx_HAL_Driver/Src/stm32f1xx_hal_gpio.o" --specs=nano.specs -mfloat-abi=soft -mthumb -o "Drivers/STM32F1xx_HAL_Driver/Src/stm32f1xx_hal_gpio.o"
arm-none-eabi-gcc "../Drivers/STM32F1xx_HAL_Driver/Src/stm32f1xx_hal_gpio_ex.c" -mcpu=cortex-m3 -std=gnu11 -g3 -DDEBUG -DUSE_HAL_DRIVER -DSTM32F103xB -c -I../Core/Inc -I../Drivers/STM32F1xx_HAL_Driver/Inc/Legacy -I../Drivers/STM32F1xx_HAL_Driver/Inc -I../Drivers/CMSIS/Device/ST/STM32F1xx/Include -I../Drivers/CMSIS/Include -O0 -ffunction-sections -fdata-sections -Wall -fstack-usage -fcyclomatic-complexity -MMD -MP -MF"Drivers/STM32F1xx_HAL_Driver/Src/stm32f1xx_hal_gpio_ex.d" -MT"Drivers/STM32F1xx_HAL_Driver/Src/stm32f1xx_hal_gpio_ex.o" --specs=nano.specs -mfloat-abi=soft -mthumb -o "Drivers/STM32F1xx_HAL_Driver/Src/stm32f1xx_hal_gpio_ex.o"
arm-none-eabi-gcc "../Drivers/STM32F1xx_HAL_Driver/Src/stm32f1xx_hal_pwr.c" -mcpu=cortex-m3 -std=gnu11 -g3 -DDEBUG -DUSE_HAL_DRIVER -DSTM32F103xB -c -I../Core/Inc -I../Drivers/STM32F1xx_HAL_Driver/Inc/Legacy -I../Drivers/STM32F1xx_HAL_Driver/Inc -I../Drivers/CMSIS/Device/ST/STM32F1xx/Include -I../Drivers/CMSIS/Include -O0 -ffunction-sections -fdata-sections -Wall -fstack-usage -fcyclomatic-complexity -MMD -MP -MF"Drivers/STM32F1xx_HAL_Driver/Src/stm32f1xx_hal_pwr.d" -MT"Drivers/STM32F1xx_HAL_Driver/Src/stm32f1xx_hal_pwr.o" --specs=nano.specs -mfloat-abi=soft -mthumb -o "Drivers/STM32F1xx_HAL_Driver/Src/stm32f1xx_hal_pwr.o"
arm-none-eabi-gcc "../Drivers/STM32F1xx_HAL_Driver/Src/stm32f1xx_hal_rcc.c" -mcpu=cortex-m3 -std=gnu11 -g3 -DDEBUG -DUSE_HAL_DRIVER -DSTM32F103xB -c -I../Core/Inc -I../Drivers/STM32F1xx_HAL_Driver/Inc/Legacy -I../Drivers/STM32F1xx_HAL_Driver/Inc -I../Drivers/CMSIS/Device/ST/STM32F1xx/Include -I../Drivers/CMSIS/Include -O0 -ffunction-sections -fdata-sections -Wall -fstack-usage -fcyclomatic-complexity -MMD -MP -MF"Drivers/STM32F1xx_HAL_Driver/Src/stm32f1xx_hal_rcc.d" -MT"Drivers/STM32F1xx_HAL_Driver/Src/stm32f1xx_hal_rcc.o" --specs=nano.specs -mfloat-abi=soft -mthumb -o "Drivers/STM32F1xx_HAL_Driver/Src/stm32f1xx_hal_rcc.o"
arm-none-eabi-gcc "../Drivers/STM32F1xx_HAL_Driver/Src/stm32f1xx_hal_rcc_ex.c" -mcpu=cortex-m3 -std=gnu11 -g3 -DDEBUG -DUSE_HAL_DRIVER -DSTM32F103xB -c -I../Core/Inc -I../Drivers/STM32F1xx_HAL_Driver/Inc/Legacy -I../Drivers/STM32F1xx_HAL_Driver/Inc -I../Drivers/CMSIS/Device/ST/STM32F1xx/Include -I../Drivers/CMSIS/Include -O0 -ffunction-sections -fdata-sections -Wall -fstack-usage -fcyclomatic-complexity -MMD -MP -MF"Drivers/STM32F1xx_HAL_Driver/Src/stm32f1xx_hal_rcc_ex.d" -MT"Drivers/STM32F1xx_HAL_Driver/Src/stm32f1xx_hal_rcc_ex.o" --specs=nano.specs -mfloat-abi=soft -mthumb -o "Drivers/STM32F1xx_HAL_Driver/Src/stm32f1xx_hal_rcc_ex.o"
arm-none-eabi-gcc "../Drivers/STM32F1xx_HAL_Driver/Src/stm32f1xx_hal_spi.c" -mcpu=cortex-m3 -std=gnu11 -g3 -DDEBUG -DUSE_HAL_DRIVER -DSTM32F103xB -c -I../Core/Inc -I../Drivers/STM32F1xx_HAL_Driver/Inc/Legacy -I../Drivers/STM32F1xx_HAL_Driver/Inc -I../Drivers/CMSIS/Device/ST/STM32F1xx/Include -I../Drivers/CMSIS/Include -O0 -ffunction-sections -fdata-sections -Wall -fstack-usage -fcyclomatic-complexity -MMD -MP -MF"Drivers/STM32F1xx_HAL_Driver/Src/stm32f1xx_hal_spi.d" -MT"Drivers/STM32F1xx_HAL_Driver/Src/stm32f1xx_hal_spi.o" --specs=nano.specs -mfloat-abi=soft -mthumb -o "Drivers/STM32F1xx_HAL_Driver/Src/stm32f1xx_hal_spi.o"
arm-none-eabi-gcc "../Drivers/STM32F1xx_HAL_Driver/Src/stm32f1xx_hal_tim.c" -mcpu=cortex-m3 -std=gnu11 -g3 -DDEBUG -DUSE_HAL_DRIVER -DSTM32F103xB -c -I../Core/Inc -I../Drivers/STM32F1xx_HAL_Driver/Inc/Legacy -I../Drivers/STM32F1xx_HAL_Driver/Inc -I../Drivers/CMSIS/Device/ST/STM32F1xx/Include -I../Drivers/CMSIS/Include -O0 -ffunction-sections -fdata-sections -Wall -fstack-usage -fcyclomatic-complexity -MMD -MP -MF"Drivers/STM32F1xx_HAL_Driver/Src/stm32f1xx_hal_tim.d" -MT"Drivers/STM32F1xx_HAL_Driver/Src/stm32f1xx_hal_tim.o" --specs=nano.specs -mfloat-abi=soft -mthumb -o "Drivers/STM32F1xx_HAL_Driver/Src/stm32f1xx_hal_tim.o"
arm-none-eabi-gcc "../Drivers/STM32F1xx_HAL_Driver/Src/stm32f1xx_hal_tim_ex.c" -mcpu=cortex-m3 -std=gnu11 -g3 -DDEBUG -DUSE_HAL_DRIVER -DSTM32F103xB -c -I../Core/Inc -I../Drivers/STM32F1xx_HAL_Driver/Inc/Legacy -I../Drivers/STM32F1xx_HAL_Driver/Inc -I../Drivers/CMSIS/Device/ST/STM32F1xx/Include -I../Drivers/CMSIS/Include -O0 -ffunction-sections -fdata-sections -Wall -fstack-usage -fcyclomatic-complexity -MMD -MP -MF"Drivers/STM32F1xx_HAL_Driver/Src/stm32f1xx_hal_tim_ex.d" -MT"Drivers/STM32F1xx_HAL_Driver/Src/stm32f1xx_hal_tim_ex.o" --specs=nano.specs -mfloat-abi=soft -mthumb -o "Drivers/STM32F1xx_HAL_Driver/Src/stm32f1xx_hal_tim_ex.o"
arm-none-eabi-gcc "../Drivers/STM32F1xx_HAL_Driver/Src/stm32f1xx_hal_uart.c" -mcpu=cortex-m3 -std=gnu11 -g3 -DDEBUG -DUSE_HAL_DRIVER -DSTM32F103xB -c -I../Core/Inc -I../Drivers/STM32F1xx_HAL_Driver/Inc/Legacy -I../Drivers/STM32F1xx_HAL_Driver/Inc -I../Drivers/CMSIS/Device/ST/STM32F1xx/Include -I../Drivers/CMSIS/Include -O0 -ffunction-sections -fdata-sections -Wall -fstack-usage -fcyclomatic-complexity -MMD -MP -MF"Drivers/STM32F1xx_HAL_Driver/Src/stm32f1xx_hal_uart.d" -MT"Drivers/STM32F1xx_HAL_Driver/Src/stm32f1xx_hal_uart.o" --specs=nano.specs -mfloat-abi=soft -mthumb -o "Drivers/STM32F1xx_HAL_Driver/Src/stm32f1xx_hal_uart.o"
arm-none-eabi-gcc -mcpu=cortex-m3 -g3 -DDEBUG -c -x assembler-with-cpp -MMD -MP -MF"Core/Startup/startup_stm32f103c8tx.d" -MT"Core/Startup/startup_stm32f103c8tx.o" --specs=nano.specs -mfloat-abi=soft -mthumb -o "Core/Startup/startup_stm32f103c8tx.o" "../Core/Startup/startup_stm32f103c8tx.s"
arm-none-eabi-gcc "../Core/Src/FND_Controller.c" -mcpu=cortex-m3 -std=gnu11 -g3 -DDEBUG -DUSE_HAL_DRIVER -DSTM32F103xB -c -I../Core/Inc -I../Drivers/STM32F1xx_HAL_Driver/Inc/Legacy -I../Drivers/STM32F1xx_HAL_Driver/Inc -I../Drivers/CMSIS/Device/ST/STM32F1xx/Include -I../Drivers/CMSIS/Include -O0 -ffunction-sections -fdata-sections -Wall -fstack-usage -fcyclomatic-complexity -MMD -MP -MF"Core/Src/FND_Controller.d" -MT"Core/Src/FND_Controller.o" --specs=nano.specs -mfloat-abi=soft -mthumb -o "Core/Src/FND_Controller.o"
arm-none-eabi-gcc "../Core/Src/main.c" -mcpu=cortex-m3 -std=gnu11 -g3 -DDEBUG -DUSE_HAL_DRIVER -DSTM32F103xB -c -I../Core/Inc -I../Drivers/STM32F1xx_HAL_Driver/Inc/Legacy -I../Drivers/STM32F1xx_HAL_Driver/Inc -I../Drivers/CMSIS/Device/ST/STM32F1xx/Include -I../Drivers/CMSIS/Include -O0 -ffunction-sections -fdata-sections -Wall -fstack-usage -fcyclomatic-complexity -MMD -MP -MF"Core/Src/main.d" -MT"Core/Src/main.o" --specs=nano.specs -mfloat-abi=soft -mthumb -o "Core/Src/main.o"
arm-none-eabi-gcc "../Core/Src/stm32f1xx_hal_msp.c" -mcpu=cortex-m3 -std=gnu11 -g3 -DDEBUG -DUSE_HAL_DRIVER -DSTM32F103xB -c -I../Core/Inc -I../Drivers/STM32F1xx_HAL_Driver/Inc/Legacy -I../Drivers/STM32F1xx_HAL_Driver/Inc -I../Drivers/CMSIS/Device/ST/STM32F1xx/Include -I../Drivers/CMSIS/Include -O0 -ffunction-sections -fdata-sections -Wall -fstack-usage -fcyclomatic-complexity -MMD -MP -MF"Core/Src/stm32f1xx_hal_msp.d" -MT"Core/Src/stm32f1xx_hal_msp.o" --specs=nano.specs -mfloat-abi=soft -mthumb -o "Core/Src/stm32f1xx_hal_msp.o"
arm-none-eabi-gcc "../Core/Src/stm32f1xx_it.c" -mcpu=cortex-m3 -std=gnu11 -g3 -DDEBUG -DUSE_HAL_DRIVER -DSTM32F103xB -c -I../Core/Inc -I../Drivers/STM32F1xx_HAL_Driver/Inc/Legacy -I../Drivers/STM32F1xx_HAL_Driver/Inc -I../Drivers/CMSIS/Device/ST/STM32F1xx/Include -I../Drivers/CMSIS/Include -O0 -ffunction-sections -fdata-sections -Wall -fstack-usage -fcyclomatic-complexity -MMD -MP -MF"Core/Src/stm32f1xx_it.d" -MT"Core/Src/stm32f1xx_it.o" --specs=nano.specs -mfloat-abi=soft -mthumb -o "Core/Src/stm32f1xx_it.o"
arm-none-eabi-gcc "../Core/Src/syscalls.c" -mcpu=cortex-m3 -std=gnu11 -g3 -DDEBUG -DUSE_HAL_DRIVER -DSTM32F103xB -c -I../Core/Inc -I../Drivers/STM32F1xx_HAL_Driver/Inc/Legacy -I../Drivers/STM32F1xx_HAL_Driver/Inc -I../Drivers/CMSIS/Device/ST/STM32F1xx/Include -I../Drivers/CMSIS/Include -O0 -ffunction-sections -fdata-sections -Wall -fstack-usage -fcyclomatic-complexity -MMD -MP -MF"Core/Src/syscalls.d" -MT"Core/Src/syscalls.o" --specs=nano.specs -mfloat-abi=soft -mthumb -o "Core/Src/syscalls.o"
arm-none-eabi-gcc "../Core/Src/sysmem.c" -mcpu=cortex-m3 -std=gnu11 -g3 -DDEBUG -DUSE_HAL_DRIVER -DSTM32F103xB -c -I../Core/Inc -I../Drivers/STM32F1xx_HAL_Driver/Inc/Legacy -I../Drivers/STM32F1xx_HAL_Driver/Inc -I../Drivers/CMSIS/Device/ST/STM32F1xx/Include -I../Drivers/CMSIS/Include -O0 -ffunction-sections -fdata-sections -Wall -fstack-usage -fcyclomatic-complexity -MMD -MP -MF"Core/Src/sysmem.d" -MT"Core/Src/sysmem.o" --specs=nano.specs -mfloat-abi=soft -mthumb -o "Core/Src/sysmem.o"
arm-none-eabi-gcc "../Core/Src/system_stm32f1xx.c" -mcpu=cortex-m3 -std=gnu11 -g3 -DDEBUG -DUSE_HAL_DRIVER -DSTM32F103xB -c -I../Core/Inc -I../Drivers/STM32F1xx_HAL_Driver/Inc/Legacy -I../Drivers/STM32F1xx_HAL_Driver/Inc -I../Drivers/CMSIS/Device/ST/STM32F1xx/Include -I../Drivers/CMSIS/Include -O0 -ffunction-sections -fdata-sections -Wall -fstack-usage -fcyclomatic-complexity -MMD -MP -MF"Core/Src/system_stm32f1xx.d" -MT"Core/Src/system_stm32f1xx.o" --specs=nano.specs -mfloat-abi=soft -mthumb -o "Core/Src/system_stm32f1xx.o"
../Core/Src/FND_Controller.c: In function 'digit4_show':
../Core/Src/FND_Controller.c:90:20: warning: suggest parentheses around comparison in operand of '|' [-Wparentheses]
   90 |     if(showZero | n>9)send_port(_LED_0F[n2], 0b0010);
      |                   ~^~
../Core/Src/FND_Controller.c:91:20: warning: suggest parentheses around comparison in operand of '|' [-Wparentheses]
   91 |     if(showZero | n>99)send_port(_LED_0F[n3], 0b0100);
      |                   ~^~~
../Core/Src/FND_Controller.c:92:20: warning: suggest parentheses around comparison in operand of '|' [-Wparentheses]
   92 |     if(showZero | n>999)send_port(_LED_0F[n4], 0b1000);
      |                   ~^~~~
arm-none-eabi-gcc -o "first2.elf" @"objects.list"   -mcpu=cortex-m3 -T"D:\STM32cubeIDE\project\OJ\first2\STM32F103C8TX_FLASH.ld" --specs=nosys.specs -Wl,-Map="first2.map" -Wl,--gc-sections -static --specs=nano.specs -mfloat-abi=soft -mthumb -Wl,--start-group -lc -lm -Wl,--end-group
Finished building target: first2.elf
 
arm-none-eabi-size  first2.elf 
arm-none-eabi-objdump -h -S first2.elf  > "first2.list"
   text	   data	    bss	    dec	    hex	filename
   7824	     12	   1852	   9688	   25d8	first2.elf
Finished building: default.size.stdout
 
Finished building: first2.list
 
11:27:58 **** Incremental Build of configuration Debug for project first2 ****
make -j24 all 
arm-none-eabi-size  first2.elf 
   text	   data	    bss	    dec	    hex	filename
   7824	     12	   1852	   9688	   25d8	first2.elf
Finished building: default.size.stdout
 
11:31:15 **** Incremental Build of configuration Debug for project first2 ****
make -j24 all 
arm-none-eabi-gcc "../Core/Src/FND_Controller.c" -mcpu=cortex-m3 -std=gnu11 -g3 -DDEBUG -DUSE_HAL_DRIVER -DSTM32F103xB -c -I../Core/Inc -I../Drivers/STM32F1xx_HAL_Driver/Inc/Legacy -I../Drivers/STM32F1xx_HAL_Driver/Inc -I../Drivers/CMSIS/Device/ST/STM32F1xx/Include -I../Drivers/CMSIS/Include -O0 -ffunction-sections -fdata-sections -Wall -fstack-usage -fcyclomatic-complexity -MMD -MP -MF"Core/Src/FND_Controller.d" -MT"Core/Src/FND_Controller.o" --specs=nano.specs -mfloat-abi=soft -mthumb -o "Core/Src/FND_Controller.o"
arm-none-eabi-gcc "../Core/Src/main.c" -mcpu=cortex-m3 -std=gnu11 -g3 -DDEBUG -DUSE_HAL_DRIVER -DSTM32F103xB -c -I../Core/Inc -I../Drivers/STM32F1xx_HAL_Driver/Inc/Legacy -I../Drivers/STM32F1xx_HAL_Driver/Inc -I../Drivers/CMSIS/Device/ST/STM32F1xx/Include -I../Drivers/CMSIS/Include -O0 -ffunction-sections -fdata-sections -Wall -fstack-usage -fcyclomatic-complexity -MMD -MP -MF"Core/Src/main.d" -MT"Core/Src/main.o" --specs=nano.specs -mfloat-abi=soft -mthumb -o "Core/Src/main.o"
arm-none-eabi-gcc "../Core/Src/stm32f1xx_hal_msp.c" -mcpu=cortex-m3 -std=gnu11 -g3 -DDEBUG -DUSE_HAL_DRIVER -DSTM32F103xB -c -I../Core/Inc -I../Drivers/STM32F1xx_HAL_Driver/Inc/Legacy -I../Drivers/STM32F1xx_HAL_Driver/Inc -I../Drivers/CMSIS/Device/ST/STM32F1xx/Include -I../Drivers/CMSIS/Include -O0 -ffunction-sections -fdata-sections -Wall -fstack-usage -fcyclomatic-complexity -MMD -MP -MF"Core/Src/stm32f1xx_hal_msp.d" -MT"Core/Src/stm32f1xx_hal_msp.o" --specs=nano.specs -mfloat-abi=soft -mthumb -o "Core/Src/stm32f1xx_hal_msp.o"
arm-none-eabi-gcc "../Core/Src/stm32f1xx_it.c" -mcpu=cortex-m3 -std=gnu11 -g3 -DDEBUG -DUSE_HAL_DRIVER -DSTM32F103xB -c -I../Core/Inc -I../Drivers/STM32F1xx_HAL_Driver/Inc/Legacy -I../Drivers/STM32F1xx_HAL_Driver/Inc -I../Drivers/CMSIS/Device/ST/STM32F1xx/Include -I../Drivers/CMSIS/Include -O0 -ffunction-sections -fdata-sections -Wall -fstack-usage -fcyclomatic-complexity -MMD -MP -MF"Core/Src/stm32f1xx_it.d" -MT"Core/Src/stm32f1xx_it.o" --specs=nano.specs -mfloat-abi=soft -mthumb -o "Core/Src/stm32f1xx_it.o"
../Core/Src/FND_Controller.c: In function 'digit4_show':
../Core/Src/FND_Controller.c:90:20: warning: suggest parentheses around comparison in operand of '|' [-Wparentheses]
   90 |     if(showZero | n>9)send_port(_LED_0F[n2], 0b0010);
      |                   ~^~
../Core/Src/FND_Controller.c:91:20: warning: suggest parentheses around comparison in operand of '|' [-Wparentheses]
   91 |     if(showZero | n>99)send_port(_LED_0F[n3], 0b0100);
      |                   ~^~~
../Core/Src/FND_Controller.c:92:20: warning: suggest parentheses around comparison in operand of '|' [-Wparentheses]
   92 |     if(showZero | n>999)send_port(_LED_0F[n4], 0b1000);
      |                   ~^~~~
../Core/Src/main.c: In function 'main':
../Core/Src/main.c:98:11: error: 'hspi2' undeclared (first use in this function); did you mean 'hspi1'?
   98 | init_fnd(&hspi2);
      |           ^~~~~
      |           hspi1
../Core/Src/main.c:98:11: note: each undeclared identifier is reported only once for each function it appears in
make: *** [Core/Src/subdir.mk:37: Core/Src/main.o] Error 1
make: *** Waiting for unfinished jobs....
"make -j24 all" terminated with exit code 2. Build might be incomplete.
11:31:28 **** Incremental Build of configuration Debug for project first2 ****
make -j24 all 
arm-none-eabi-gcc "../Core/Src/main.c" -mcpu=cortex-m3 -std=gnu11 -g3 -DDEBUG -DUSE_HAL_DRIVER -DSTM32F103xB -c -I../Core/Inc -I../Drivers/STM32F1xx_HAL_Driver/Inc/Legacy -I../Drivers/STM32F1xx_HAL_Driver/Inc -I../Drivers/CMSIS/Device/ST/STM32F1xx/Include -I../Drivers/CMSIS/Include -O0 -ffunction-sections -fdata-sections -Wall -fstack-usage -fcyclomatic-complexity -MMD -MP -MF"Core/Src/main.d" -MT"Core/Src/main.o" --specs=nano.specs -mfloat-abi=soft -mthumb -o "Core/Src/main.o"
../Core/Src/main.c: In function 'main':
../Core/Src/main.c:98:11: error: 'hspi2' undeclared (first use in this function); did you mean 'hspi1'?
   98 | init_fnd(&hspi2);
      |           ^~~~~
      |           hspi1
../Core/Src/main.c:98:11: note: each undeclared identifier is reported only once for each function it appears in
make: *** [Core/Src/subdir.mk:37: Core/Src/main.o] Error 1
"make -j24 all" terminated with exit code 2. Build might be incomplete.
11:32:24 **** Incremental Build of configuration Debug for project first2 ****
make -j24 all 
arm-none-eabi-gcc "../Core/Src/FND_Controller.c" -mcpu=cortex-m3 -std=gnu11 -g3 -DDEBUG -DUSE_HAL_DRIVER -DSTM32F103xB -c -I../Core/Inc -I../Drivers/STM32F1xx_HAL_Driver/Inc/Legacy -I../Drivers/STM32F1xx_HAL_Driver/Inc -I../Drivers/CMSIS/Device/ST/STM32F1xx/Include -I../Drivers/CMSIS/Include -O0 -ffunction-sections -fdata-sections -Wall -fstack-usage -fcyclomatic-complexity -MMD -MP -MF"Core/Src/FND_Controller.d" -MT"Core/Src/FND_Controller.o" --specs=nano.specs -mfloat-abi=soft -mthumb -o "Core/Src/FND_Controller.o"
arm-none-eabi-gcc "../Core/Src/main.c" -mcpu=cortex-m3 -std=gnu11 -g3 -DDEBUG -DUSE_HAL_DRIVER -DSTM32F103xB -c -I../Core/Inc -I../Drivers/STM32F1xx_HAL_Driver/Inc/Legacy -I../Drivers/STM32F1xx_HAL_Driver/Inc -I../Drivers/CMSIS/Device/ST/STM32F1xx/Include -I../Drivers/CMSIS/Include -O0 -ffunction-sections -fdata-sections -Wall -fstack-usage -fcyclomatic-complexity -MMD -MP -MF"Core/Src/main.d" -MT"Core/Src/main.o" --specs=nano.specs -mfloat-abi=soft -mthumb -o "Core/Src/main.o"
../Core/Src/FND_Controller.c: In function 'send':
../Core/Src/FND_Controller.c:65:26: error: 'mhspi' undeclared (first use in this function)
   65 |         HAL_SPI_Transmit(mhspi, & X, 1, 100);
      |                          ^~~~~
../Core/Src/FND_Controller.c:65:26: note: each undeclared identifier is reported only once for each function it appears in
../Core/Src/FND_Controller.c: In function 'digit4_show':
../Core/Src/FND_Controller.c:88:20: warning: suggest parentheses around comparison in operand of '|' [-Wparentheses]
   88 |     if(showZero | n>9)send_port(_LED_0F[n2], 0b0010);
      |                   ~^~
../Core/Src/FND_Controller.c:89:20: warning: suggest parentheses around comparison in operand of '|' [-Wparentheses]
   89 |     if(showZero | n>99)send_port(_LED_0F[n3], 0b0100);
      |                   ~^~~
../Core/Src/FND_Controller.c:90:20: warning: suggest parentheses around comparison in operand of '|' [-Wparentheses]
   90 |     if(showZero | n>999)send_port(_LED_0F[n4], 0b1000);
      |                   ~^~~~
make: *** [Core/Src/subdir.mk:37: Core/Src/FND_Controller.o] Error 1
make: *** Waiting for unfinished jobs....
"make -j24 all" terminated with exit code 2. Build might be incomplete.
11:32:50 **** Incremental Build of configuration Debug for project first2 ****
make -j24 all 
arm-none-eabi-gcc "../Core/Src/FND_Controller.c" -mcpu=cortex-m3 -std=gnu11 -g3 -DDEBUG -DUSE_HAL_DRIVER -DSTM32F103xB -c -I../Core/Inc -I../Drivers/STM32F1xx_HAL_Driver/Inc/Legacy -I../Drivers/STM32F1xx_HAL_Driver/Inc -I../Drivers/CMSIS/Device/ST/STM32F1xx/Include -I../Drivers/CMSIS/Include -O0 -ffunction-sections -fdata-sections -Wall -fstack-usage -fcyclomatic-complexity -MMD -MP -MF"Core/Src/FND_Controller.d" -MT"Core/Src/FND_Controller.o" --specs=nano.specs -mfloat-abi=soft -mthumb -o "Core/Src/FND_Controller.o"
../Core/Src/FND_Controller.c: In function 'digit4_show':
../Core/Src/FND_Controller.c:87:20: warning: suggest parentheses around comparison in operand of '|' [-Wparentheses]
   87 |     if(showZero | n>9)send_port(_LED_0F[n2], 0b0010);
      |                   ~^~
../Core/Src/FND_Controller.c:88:20: warning: suggest parentheses around comparison in operand of '|' [-Wparentheses]
   88 |     if(showZero | n>99)send_port(_LED_0F[n3], 0b0100);
      |                   ~^~~
../Core/Src/FND_Controller.c:89:20: warning: suggest parentheses around comparison in operand of '|' [-Wparentheses]
   89 |     if(showZero | n>999)send_port(_LED_0F[n4], 0b1000);
      |                   ~^~~~
arm-none-eabi-gcc -o "first2.elf" @"objects.list"   -mcpu=cortex-m3 -T"D:\STM32cubeIDE\project\OJ\first2\STM32F103C8TX_FLASH.ld" --specs=nosys.specs -Wl,-Map="first2.map" -Wl,--gc-sections -static --specs=nano.specs -mfloat-abi=soft -mthumb -Wl,--start-group -lc -lm -Wl,--end-group
Finished building target: first2.elf
 
arm-none-eabi-size  first2.elf 
arm-none-eabi-objdump -h -S first2.elf  > "first2.list"
   text	   data	    bss	    dec	    hex	filename
   6672	     12	   1764	   8448	   2100	first2.elf
Finished building: default.size.stdout
 
Finished building: first2.list
 
11:33:03 **** Incremental Build of configuration Debug for project first2 ****
make -j24 all 
arm-none-eabi-size  first2.elf 
   text	   data	    bss	    dec	    hex	filename
   6672	     12	   1764	   8448	   2100	first2.elf
Finished building: default.size.stdout
 
11:34:14 **** Incremental Build of configuration Debug for project first2 ****
make -j24 all 
arm-none-eabi-gcc "../Core/Src/FND_Controller.c" -mcpu=cortex-m3 -std=gnu11 -g3 -DDEBUG -DUSE_HAL_DRIVER -DSTM32F103xB -c -I../Core/Inc -I../Drivers/STM32F1xx_HAL_Driver/Inc/Legacy -I../Drivers/STM32F1xx_HAL_Driver/Inc -I../Drivers/CMSIS/Device/ST/STM32F1xx/Include -I../Drivers/CMSIS/Include -O0 -ffunction-sections -fdata-sections -Wall -fstack-usage -fcyclomatic-complexity -MMD -MP -MF"Core/Src/FND_Controller.d" -MT"Core/Src/FND_Controller.o" --specs=nano.specs -mfloat-abi=soft -mthumb -o "Core/Src/FND_Controller.o"
../Core/Src/FND_Controller.c: In function 'digit4_show':
../Core/Src/FND_Controller.c:88:20: warning: suggest parentheses around comparison in operand of '|' [-Wparentheses]
   88 |     if(showZero | n>9)send_port(_LED_0F[n2], 0b0010);
      |                   ~^~
../Core/Src/FND_Controller.c:89:20: warning: suggest parentheses around comparison in operand of '|' [-Wparentheses]
   89 |     if(showZero | n>99)send_port(_LED_0F[n3], 0b0100);
      |                   ~^~~
../Core/Src/FND_Controller.c:90:20: warning: suggest parentheses around comparison in operand of '|' [-Wparentheses]
   90 |     if(showZero | n>999)send_port(_LED_0F[n4], 0b1000);
      |                   ~^~~~
arm-none-eabi-gcc -o "first2.elf" @"objects.list"   -mcpu=cortex-m3 -T"D:\STM32cubeIDE\project\OJ\first2\STM32F103C8TX_FLASH.ld" --specs=nosys.specs -Wl,-Map="first2.map" -Wl,--gc-sections -static --specs=nano.specs -mfloat-abi=soft -mthumb -Wl,--start-group -lc -lm -Wl,--end-group
Finished building target: first2.elf
 
arm-none-eabi-size  first2.elf 
arm-none-eabi-objdump -h -S first2.elf  > "first2.list"
   text	   data	    bss	    dec	    hex	filename
   6672	     12	   1764	   8448	   2100	first2.elf
Finished building: default.size.stdout
 
Finished building: first2.list
 
11:46:44 **** Incremental Build of configuration Debug for project first2 ****
make -j24 all 
arm-none-eabi-size  first2.elf 
   text	   data	    bss	    dec	    hex	filename
   6672	     12	   1764	   8448	   2100	first2.elf
Finished building: default.size.stdout
 
11:47:05 **** Incremental Build of configuration Debug for project first2 ****
make -j24 all 
arm-none-eabi-gcc "../Core/Src/FND_Controller.c" -mcpu=cortex-m3 -std=gnu11 -g3 -DDEBUG -DUSE_HAL_DRIVER -DSTM32F103xB -c -I../Core/Inc -I../Drivers/STM32F1xx_HAL_Driver/Inc/Legacy -I../Drivers/STM32F1xx_HAL_Driver/Inc -I../Drivers/CMSIS/Device/ST/STM32F1xx/Include -I../Drivers/CMSIS/Include -O0 -ffunction-sections -fdata-sections -Wall -fstack-usage -fcyclomatic-complexity -MMD -MP -MF"Core/Src/FND_Controller.d" -MT"Core/Src/FND_Controller.o" --specs=nano.specs -mfloat-abi=soft -mthumb -o "Core/Src/FND_Controller.o"
../Core/Src/FND_Controller.c: In function 'send':
../Core/Src/FND_Controller.c:65:26: error: 'mhspi' undeclared (first use in this function)
   65 |         HAL_SPI_Transmit(mhspi, & X, 1, 100);
      |                          ^~~~~
../Core/Src/FND_Controller.c:65:26: note: each undeclared identifier is reported only once for each function it appears in
../Core/Src/FND_Controller.c: In function 'digit4_show':
../Core/Src/FND_Controller.c:88:20: warning: suggest parentheses around comparison in operand of '|' [-Wparentheses]
   88 |     if(showZero | n>9)send_port(_LED_0F[n2], 0b0010);
      |                   ~^~
../Core/Src/FND_Controller.c:89:20: warning: suggest parentheses around comparison in operand of '|' [-Wparentheses]
   89 |     if(showZero | n>99)send_port(_LED_0F[n3], 0b0100);
      |                   ~^~~
../Core/Src/FND_Controller.c:90:20: warning: suggest parentheses around comparison in operand of '|' [-Wparentheses]
   90 |     if(showZero | n>999)send_port(_LED_0F[n4], 0b1000);
      |                   ~^~~~
make: *** [Core/Src/subdir.mk:37: Core/Src/FND_Controller.o] Error 1
"make -j24 all" terminated with exit code 2. Build might be incomplete.
11:48:30 **** Incremental Build of configuration Debug for project first2 ****
make -j24 all 
arm-none-eabi-gcc "../Core/Src/FND_Controller.c" -mcpu=cortex-m3 -std=gnu11 -g3 -DDEBUG -DUSE_HAL_DRIVER -DSTM32F103xB -c -I../Core/Inc -I../Drivers/STM32F1xx_HAL_Driver/Inc/Legacy -I../Drivers/STM32F1xx_HAL_Driver/Inc -I../Drivers/CMSIS/Device/ST/STM32F1xx/Include -I../Drivers/CMSIS/Include -O0 -ffunction-sections -fdata-sections -Wall -fstack-usage -fcyclomatic-complexity -MMD -MP -MF"Core/Src/FND_Controller.d" -MT"Core/Src/FND_Controller.o" --specs=nano.specs -mfloat-abi=soft -mthumb -o "Core/Src/FND_Controller.o"
arm-none-eabi-gcc "../Core/Src/main.c" -mcpu=cortex-m3 -std=gnu11 -g3 -DDEBUG -DUSE_HAL_DRIVER -DSTM32F103xB -c -I../Core/Inc -I../Drivers/STM32F1xx_HAL_Driver/Inc/Legacy -I../Drivers/STM32F1xx_HAL_Driver/Inc -I../Drivers/CMSIS/Device/ST/STM32F1xx/Include -I../Drivers/CMSIS/Include -O0 -ffunction-sections -fdata-sections -Wall -fstack-usage -fcyclomatic-complexity -MMD -MP -MF"Core/Src/main.d" -MT"Core/Src/main.o" --specs=nano.specs -mfloat-abi=soft -mthumb -o "Core/Src/main.o"
../Core/Src/FND_Controller.c: In function 'digit4_show':
../Core/Src/FND_Controller.c:88:20: warning: suggest parentheses around comparison in operand of '|' [-Wparentheses]
   88 |     if(showZero | n>9)send_port(_LED_0F[n2], 0b0010);
      |                   ~^~
../Core/Src/FND_Controller.c:89:20: warning: suggest parentheses around comparison in operand of '|' [-Wparentheses]
   89 |     if(showZero | n>99)send_port(_LED_0F[n3], 0b0100);
      |                   ~^~~
../Core/Src/FND_Controller.c:90:20: warning: suggest parentheses around comparison in operand of '|' [-Wparentheses]
   90 |     if(showZero | n>999)send_port(_LED_0F[n4], 0b1000);
      |                   ~^~~~
arm-none-eabi-gcc -o "first2.elf" @"objects.list"   -mcpu=cortex-m3 -T"D:\STM32cubeIDE\project\OJ\first2\STM32F103C8TX_FLASH.ld" --specs=nosys.specs -Wl,-Map="first2.map" -Wl,--gc-sections -static --specs=nano.specs -mfloat-abi=soft -mthumb -Wl,--start-group -lc -lm -Wl,--end-group
Finished building target: first2.elf
 
arm-none-eabi-size  first2.elf 
arm-none-eabi-objdump -h -S first2.elf  > "first2.list"
   text	   data	    bss	    dec	    hex	filename
   6672	     12	   1764	   8448	   2100	first2.elf
Finished building: default.size.stdout
 
Finished building: first2.list
 
