../Core/lib/source/ds18b20.c:34:9:isTemperSensorInit	4	static
../Core/lib/source/ds18b20.c:37:9:isBusy	4	static
../Core/lib/source/ds18b20.c:40:9:isConverting	4	static
../Core/lib/source/ds18b20.c:44:6:Ds18b20_Init_simple	8	static
../Core/lib/source/ds18b20.c:71:6:Ds18b20_Init	16	static
../Core/lib/source/ds18b20.c:106:6:StartConverting	8	static
../Core/lib/source/ds18b20.c:114:6:checkConverting	8	static
../Core/lib/source/ds18b20.c:122:7:getTemper	8	static
../Core/lib/source/ds18b20.c:130:6:Ds18b20_ManualConvert	24	static
../Core/lib/source/ds18b20.c:239:9:DS18B20_Start	16	static
../Core/lib/source/ds18b20.c:256:6:DS18B20_StartAll	16	static
../Core/lib/source/ds18b20.c:266:6:DS18B20_Read	56	static
../Core/lib/source/ds18b20.c:371:9:DS18B20_GetResolution	24	static
../Core/lib/source/ds18b20.c:398:9:DS18B20_SetResolution	32	static
../Core/lib/source/ds18b20.c:463:9:DS18B20_Is	16	static
../Core/lib/source/ds18b20.c:472:9:DS18B20_SetAlarmLowTemperature	32	static
../Core/lib/source/ds18b20.c:523:9:DS18B20_SetAlarmHighTemperature	32	static
../Core/lib/source/ds18b20.c:574:9:DS18B20_DisableAlarmTemperature	24	static
../Core/lib/source/ds18b20.c:620:9:DS18B20_AlarmSearch	16	static
../Core/lib/source/ds18b20.c:626:9:DS18B20_AllDone	16	static
../Core/lib/source/ds18b20.c:634:7:getCurrentTemper	4	static
